// Jest Snapshot v1, https://goo.gl/fbAQLP

exports[`RelatedVideos renders 1`] = `
<div
  className="related-videos"
/>
`;
