// Jest Snapshot v1, https://goo.gl/fbAQLP

exports[`Comment renders Comment 1`] = `<div />`;
