// Jest Snapshot v1, https://goo.gl/fbAQLP

exports[`Watch renders 1`] = `
<Connect(WatchContent)
  bottomReachedCallback={[Function]}
  videoId={null}
/>
`;
